// Jest Snapshot v1, https://goo.gl/fbAQLP

exports[`Component: Card Should match snapshot styles 1`] = `
<View
  style={
    {
      "margin": 10,
    }
  }
>
  <View
    style={
      {
        "backgroundColor": "#fff",
        "borderColor": "#6a6c8380",
        "borderRadius": 25,
        "elevation": 6,
        "padding": 25,
        "shadowColor": "#00000054",
        "shadowOffset": {
          "height": 3,
          "width": 0,
        },
        "shadowOpacity": 0.5,
        "shadowRadius": 4.65,
      }
    }
  >
    <Text>
      Text
    </Text>
  </View>
</View>
`;
